 [KbFilter_Power.DeviceObject, &(KbFilter_PnP.devExt->SurpriseRemoved), &(KbFilter_InternIoCtl.hookKeyboard->IsrRoutine), &(KbFilter_InternIoCtl.devExt->UpperInitializationRoutine), KbFilter_PnP.DeviceObject->DeviceExtension, ((ptr(struct(_DEVICE_EXTENSION)))KbFilter_PnP.DeviceObject->DeviceExtension), &(KbFilter_ServiceCallback.devExt->UpperConnectData), KbFilter_PnP.irpSp->Context, &(KbFilter_IsrHook.devExt->UpperIsrHook), &(KbFilter_PnP.DeviceObject->DeviceExtension), ((ptr(struct(_DEVICE_EXTENSION)))KbFilter_InternIoCtl.DeviceObject->DeviceExtension), KbFilter_InternIoCtl.DeviceObject->DeviceExtension, KbFilter_IsrHook.devExt->UpperContext, KbFilter_InternIoCtl.hookKeyboard->QueueKeyboardPacket, &(KbFilter_AddDevice.devExt->Started), &(KbFilter_InternIoCtl.hookKeyboard->CallContext), KbFilter_InternIoCtl.devExt->Self, KbFilter_PnP.irpSp->CompletionRoutine, &(KbFilter_InternIoCtl.devExt->UpperIsrHook), KbFilter_IsrHook.devExt->UpperIsrHook, &(KbFilter_InternIoCtl.devExt->CallContext), &(KbFilter_CreateClose.devExt->UpperConnectData), KbFilter_Power.irpStack->Parameters.Power.Type, IofCallDriver.DeviceObject, KbFilter_CreateClose.irpStack->MajorFunction, ((int)KbFilter_CreateClose.irpStack->MajorFunction), &(KbFilter_CreateClose.devExt->UpperConnectData.ClassService), KbFilter_AddDevice.devExt->Started, KbFilter_InternIoCtl.hookKeyboard->Context, KbFilter_ServiceCallback.devExt->UpperConnectData.ClassService, ((ptr((typedef(PVOID), typedef(PVOID), typedef(PVOID), typedef(PVOID)) -> void))KbFilter_ServiceCallback.devExt->UpperConnectData.ClassService), KbFilter_ServiceCallback.DeviceObject, KbFilter_ServiceCallback.devExt, &(KbFilter_CreateClose.devExt->EnableCount), KbFilter_Power.powerState, KbFilter_AddDevice.devExt->Self, KbFilter_PnP.devExt->TopOfStack, KbFilter_InternIoCtl.connectData, ((ptr(struct(_DEVICE_EXTENSION)))KbFilter_Power.DeviceObject->DeviceExtension), KbFilter_Power.DeviceObject->DeviceExtension, KbFilter_InternIoCtl.devExt->UpperConnectData.ClassDeviceObject, KbFilter_AddDevice.devExt->SurpriseRemoved, KbFilter_InternIoCtl.hookKeyboard->IsrWritePort, KbFilter_AddDevice.device->DeviceExtension, ((ptr(struct(_DEVICE_EXTENSION)))KbFilter_AddDevice.device->DeviceExtension), &(KbFilter_ServiceCallback.devExt->UpperConnectData.ClassDeviceObject), &(KbFilter_InternIoCtl.devExt->IsrWritePort), KbFilter_PnP.irpStack->MinorFunction, KbFilter_AddDevice.devExt->PDO, &(KbFilter_AddDevice.devExt->PDO), IoDetachDevice.TargetDevice, KbFilter_IsrHook.DeviceObject, KbFilter_InternIoCtl.irpStack->Parameters.DeviceIoControl.InputBufferLength, KbFilter_InternIoCtl.devExt->UpperIsrHook, KbFilter_PnP.DeviceObject, &(KbFilter_PnP.devExt->Started), KbFilter_PnP.tmp__1, ((int)KbFilter_PnP.tmp__1), KbFilter_InternIoCtl.devExt, IoCreateDevice.tmp, &(KbFilter_InternIoCtl.connectData->ClassService), &(KbFilter_IsrHook.devExt->UpperContext), KbFilter_AddDevice.PDO, &(KbFilter_PnP.devExt->TopOfStack), &(KbFilter_ServiceCallback.devExt->UpperConnectData.ClassService), KbFilter_InternIoCtl.hookKeyboard->InitializationRoutine, ((int)KbFilter_InternIoCtl.tmp__1), KbFilter_InternIoCtl.tmp__1, &(KbFilter_InternIoCtl.connectData->ClassDeviceObject), &(KbFilter_CreateClose.DeviceObject->DeviceExtension), IoAttachDeviceToDeviceStack.SourceDevice, KbFilter_ServiceCallback.devExt->UpperConnectData.ClassDeviceObject, ((ptr(void))KbFilter_ServiceCallback.devExt->UpperConnectData.ClassDeviceObject), KbFilter_Power.irpStack->Parameters.Power.State, ((ptr(struct(_CONNECT_DATA)))KbFilter_InternIoCtl.irpStack->Parameters.DeviceIoControl.Type3InputBuffer), KbFilter_InternIoCtl.irpStack->Parameters.DeviceIoControl.Type3InputBuffer, &(KbFilter_DispatchPassThrough.DeviceObject->DeviceExtension), KbFilter_AddDevice.devExt, &(KbFilter_AddDevice.devExt->SurpriseRemoved), KbFilter_PnP.devExt, ((int)KbFilter_Power.irpStack->MinorFunction), KbFilter_Power.irpStack->MinorFunction, &(KbFilter_Power.DeviceObject->DeviceExtension), KbFilter_InternIoCtl.devExt->CallContext, KbFilter_Power.devExt, &(KbFilter_Power.devExt->TopOfStack), KeInitializeEvent.Event, ((unsigned int)KbFilter_InternIoCtl.devExt->UpperConnectData.ClassService), KbFilter_InternIoCtl.devExt->UpperConnectData.ClassService, GLOBAL.compFptr, KbFilter_IsrHook.devExt, KbFilter_PnP.devExt->SurpriseRemoved, KbFilter_InternIoCtl.hookKeyboard, &(KbFilter_InternIoCtl.hookKeyboard->InitializationRoutine), &(KbFilter_InternIoCtl.hookKeyboard->IsrWritePort), KbFilter_InternIoCtl.devExt->UpperContext, &(KbFilter_InternIoCtl.hookKeyboard->QueueKeyboardPacket), ((ptr(struct(_DEVICE_EXTENSION)))KbFilter_DispatchPassThrough.DeviceObject->DeviceExtension), KbFilter_DispatchPassThrough.DeviceObject->DeviceExtension, KbFilter_AddDevice.devExt->DeviceState, KbFilter_InternIoCtl.hookKeyboard->IsrRoutine, KbFilter_IoCtl.DeviceObject, &(KbFilter_AddDevice.device->DeviceExtension), KbFilter_CreateClose.devExt, KbFilter_CreateClose.DeviceObject->DeviceExtension, ((ptr(struct(_DEVICE_EXTENSION)))KbFilter_CreateClose.DeviceObject->DeviceExtension), &(KbFilter_AddDevice.devExt->Self), KbFilter_AddDevice.devExt->Removed, &(((ptr(struct(_DEVICE_EXTENSION)))KbFilter_DispatchPassThrough.DeviceObject->DeviceExtension)->TopOfStack), KbFilter_Power.powerState.DeviceState, &(KbFilter_AddDevice.devExt->TopOfStack), &(KbFilter_InternIoCtl.devExt->UpperConnectData.ClassService), KbFilter_PnP.irpSp->Control, ((int)KbFilter_PnP.irpSp->Control), &(KbFilter_InternIoCtl.devExt->QueueKeyboardPacket), ((unsigned int)KbFilter_Power.powerType), KbFilter_Power.powerType, &(KbFilter_AddDevice.devExt->Removed), KbFilter_AddDevice.devExt->TopOfStack, KbFilter_ServiceCallback.DeviceObject->DeviceExtension, ((ptr(struct(_DEVICE_EXTENSION)))KbFilter_ServiceCallback.DeviceObject->DeviceExtension), &(KbFilter_InternIoCtl.devExt->UpperContext), &(KbFilter_AddDevice.devExt->DeviceState), KbFilter_Power.devExt->DeviceState, KbFilter_PnP.nextIrpSp->Control, KbFilter_InternIoCtl.devExt->QueueKeyboardPacket, KbFilter_InternIoCtl.devExt->UpperInitializationRoutine, &(KbFilter_IsrHook.DeviceObject->DeviceExtension), &(KbFilter_InternIoCtl.hookKeyboard->Context), KbFilter_InternIoCtl.irpStack->Parameters.DeviceIoControl.IoControlCode, IoDeleteDevice.DeviceObject, ret$IoAttachDeviceToDeviceStack, KbFilter_PnP.devExt->Started, InterlockedIncrement.Addend, &(KbFilter_InternIoCtl.devExt->UpperConnectData), KbFilter_Complete.DeviceObject, KbFilter_CreateClose.devExt->UpperConnectData.ClassService, ((unsigned int)KbFilter_CreateClose.devExt->UpperConnectData.ClassService), KbFilter_InternIoCtl.connectData->ClassDeviceObject, &(KbFilter_InternIoCtl.devExt->UpperConnectData.ClassDeviceObject), IoAttachDeviceToDeviceStack.TargetDevice, KbFilter_CreateClose.DeviceObject, KbFilter_AddDevice.device->Flags, &(KbFilter_Power.devExt->DeviceState), KbFilter_InternIoCtl.connectData->ClassService, *IoCreateDevice.DeviceObject, KbFilter_InternIoCtl.hookKeyboard->CallContext, InterlockedDecrement.Addend, &(KbFilter_PnP.devExt->Removed), &(KbFilter_AddDevice.device->Flags), ((ptr(struct(_DEVICE_EXTENSION)))KbFilter_DispatchPassThrough.DeviceObject->DeviceExtension)->TopOfStack, KbFilter_IsrHook.DeviceObject->DeviceExtension, ((ptr(struct(_DEVICE_EXTENSION)))KbFilter_IsrHook.DeviceObject->DeviceExtension), &(KbFilter_ServiceCallback.DeviceObject->DeviceExtension), &(KbFilter_InternIoCtl.devExt->Self), KbFilter_Power.devExt->TopOfStack, PoCallDriver.DeviceObject, KbFilter_PnP.devExt->Removed, KbFilter_InternIoCtl.devExt->IsrWritePort, ((ptr(void))KbFilter_InternIoCtl.DeviceObject), KbFilter_InternIoCtl.DeviceObject, KbFilter_AddDevice.device, KbFilter_DispatchPassThrough.DeviceObject, KeWaitForSingleObject.Object, &(KbFilter_InternIoCtl.DeviceObject->DeviceExtension), &(KbFilter_PnP.event), &(main.devobj), &(KbFilter_ServiceCallback), &(KbFilter_Complete), &(KbFilter_IsrHook), malloc0]
 [KbFilter_PnP.Irp->IoStatus.__annonCompField4.Status, KbFilter_CreateClose.irpStack, &(KbFilter_InternIoCtl.irpStack->Parameters.DeviceIoControl.InputBufferLength), &(KbFilter_PnP.irpSp->CompletionRoutine), ((int)KbFilter_Power.Irp->CurrentLocation), KbFilter_Power.Irp->CurrentLocation, ((typedef(CHAR))(((int)KbFilter_Power.Irp->CurrentLocation) + 1)), (((int)KbFilter_Power.Irp->CurrentLocation) + 1), KbFilter_InternIoCtl.Irp->IoStatus.__annonCompField4.Status, &(KbFilter_Power.Irp->Tail.Overlay.__annonCompField17.__annonCompField16.CurrentStackLocation[1]), KbFilter_Power.Irp->Tail.Overlay.__annonCompField17.__annonCompField16.CurrentStackLocation, KbFilter_InternIoCtl.irpStack, &(KbFilter_Power.irpStack->Parameters.Power), &(KbFilter_PnP.irpStack->MinorFunction), &(KbFilter_InternIoCtl.irpStack->Parameters), &(KbFilter_Power.irpStack->Parameters.Power.Type), KbFilter_CreateClose.status, ((int)KbFilter_CreateClose.status), (((int)KbFilter_PnP.Irp->CurrentLocation) + 1), ((typedef(CHAR))(((int)KbFilter_PnP.Irp->CurrentLocation) + 1)), KbFilter_PnP.Irp->CurrentLocation, ((int)KbFilter_PnP.Irp->CurrentLocation), GLOBAL.myStatus, ((long)GLOBAL.myStatus), &(KbFilter_Power.irpStack->Parameters.Power.State), KbFilter_InternIoCtl.Irp->IoStatus.Information, &(KbFilter_PnP.irpSp->Context), KbFilter_CreateClose.Irp->IoStatus.__annonCompField4.Status, &(KbFilter_InternIoCtl.irpStack->Parameters.DeviceIoControl.Type3InputBuffer), KbFilter_DispatchPassThrough.irpStack, KbFilter_PnP.nextIrpSp, ((ptr(void))KbFilter_PnP.nextIrpSp), KbFilter_Power.irpStack, KbFilter_PnP.Irp->IoStatus.Information, &(KbFilter_CreateClose.irpStack->MajorFunction), KbFilter_PnP.irpStack, &(KbFilter_PnP.nextIrpSp->Control), &(KbFilter_InternIoCtl.irpStack->Parameters.DeviceIoControl), KbFilter_InternIoCtl.Irp->Tail.Overlay.__annonCompField17.__annonCompField16.CurrentStackLocation, &(KbFilter_Power.irpStack->Parameters), &(KbFilter_InternIoCtl.irpStack->Parameters.DeviceIoControl.IoControlCode), memcpy.s, &(KbFilter_DispatchPassThrough.Irp->Tail.Overlay.__annonCompField17.__annonCompField16.CurrentStackLocation[1]), memcpy.p, KbFilter_DispatchPassThrough.Irp->Tail.Overlay.__annonCompField17.__annonCompField16.CurrentStackLocation, KbFilter_PnP.irpSp0, ((ptr(void))KbFilter_PnP.irpSp0), (KbFilter_PnP.Irp->Tail.Overlay.__annonCompField17.__annonCompField16.CurrentStackLocation - 1), &(KbFilter_PnP.Irp->Tail.Overlay.__annonCompField17.__annonCompField16.CurrentStackLocation[1]), KbFilter_PnP.Irp->Tail.Overlay.__annonCompField17.__annonCompField16.CurrentStackLocation, &(KbFilter_PnP.irpSp->Control), GLOBAL.pirp->IoStatus.__annonCompField4.Status, ((typedef(CHAR))(((int)KbFilter_DispatchPassThrough.Irp->CurrentLocation) + 1)), (((int)KbFilter_DispatchPassThrough.Irp->CurrentLocation) + 1), ((int)KbFilter_DispatchPassThrough.Irp->CurrentLocation), KbFilter_DispatchPassThrough.Irp->CurrentLocation, KbFilter_CreateClose.Irp->Tail.Overlay.__annonCompField17.__annonCompField16.CurrentStackLocation, &(KbFilter_Power.irpStack->MinorFunction), KbFilter_PnP.irpSp]
 [&(KbFilter_InitializationRoutine.DeviceObject->DeviceExtension), KbFilter_InitializationRoutine.DeviceObject]
 [KbFilter_InitializationRoutine.devExt->UpperContext, KbFilter_InitializationRoutine.devExt->UpperInitializationRoutine]
 [KbFilter_IsrHook.CurrentOutput, IofCallDriver.lcontext, KbFilter_ServiceCallback.InputDataEnd, ((ptr(void))KbFilter_ServiceCallback.InputDataEnd), PoCallDriver.lcontext, ((ptr(struct(_KEVENT)))KbFilter_Complete.Context), KbFilter_Complete.Context, KeSetEvent.Event, KbFilter_Complete.event]
 [ret$memset, memset.x]
 [KbFilter_IsrHook.StatusByte, KbFilter_ServiceCallback.InputDataConsumed, ((ptr(void))KbFilter_ServiceCallback.InputDataConsumed)]
 [&(KbFilter_PnP.Irp->Tail.Overlay.__annonCompField17.__annonCompField16.CurrentStackLocation), &(KbFilter_CreateClose.Irp->IoStatus), &(KbFilter_CreateClose.Irp->Tail.Overlay.__annonCompField17.__annonCompField16), &(KbFilter_CreateClose.Irp->Tail.Overlay), PoStartNextPowerIrp.Irp, &(GLOBAL.pirp->IoStatus.__annonCompField4.Status), &(KbFilter_InternIoCtl.Irp->IoStatus.Information), &(KbFilter_InternIoCtl.Irp->Tail.Overlay.__annonCompField17.__annonCompField16), &(KbFilter_DispatchPassThrough.Irp->Tail), KbFilter_CreateClose.Irp, &(KbFilter_PnP.Irp->IoStatus.__annonCompField4), &(GLOBAL.pirp->IoStatus), &(KbFilter_PnP.Irp->Tail), &(KbFilter_Power.Irp->Tail.Overlay.__annonCompField17.__annonCompField16.CurrentStackLocation), &(KbFilter_PnP.Irp->IoStatus.Information), &(KbFilter_Power.Irp->Tail.Overlay.__annonCompField17.__annonCompField16), &(KbFilter_InternIoCtl.Irp->IoStatus), &(KbFilter_InternIoCtl.Irp->IoStatus.__annonCompField4.Status), KbFilter_InternIoCtl.Irp, &(KbFilter_PnP.Irp->Tail.Overlay.__annonCompField17), &(KbFilter_PnP.Irp->CurrentLocation), IofCompleteRequest.Irp, &(KbFilter_Power.Irp->CurrentLocation), GLOBAL.pirp, KbFilter_Complete.Irp, KbFilter_IoCtl.Irp, KbFilter_DispatchPassThrough.Irp, &(KbFilter_PnP.Irp->Tail.Overlay.__annonCompField17.__annonCompField16), &(KbFilter_PnP.Irp->IoStatus.__annonCompField4.Status), &(KbFilter_InternIoCtl.Irp->IoStatus.__annonCompField4), &(KbFilter_CreateClose.Irp->IoStatus.__annonCompField4.Status), &(KbFilter_DispatchPassThrough.Irp->Tail.Overlay.__annonCompField17), &(KbFilter_CreateClose.Irp->Tail.Overlay.__annonCompField17.__annonCompField16.CurrentStackLocation), PoCallDriver.Irp, &(KbFilter_InternIoCtl.Irp->Tail), &(KbFilter_InternIoCtl.Irp->Tail.Overlay.__annonCompField17), KbFilter_PnP.Irp, &(KbFilter_CreateClose.Irp->Tail), &(KbFilter_CreateClose.Irp->Tail.Overlay.__annonCompField17), KbFilter_Power.Irp, IofCallDriver.Irp, &(KbFilter_Power.Irp->Tail), &(KbFilter_DispatchPassThrough.Irp->CurrentLocation), &(KbFilter_Power.Irp->Tail.Overlay), &(KbFilter_PnP.Irp->Tail.Overlay), &(KbFilter_PnP.Irp->IoStatus), &(GLOBAL.pirp->IoStatus.__annonCompField4), &(KbFilter_Power.Irp->Tail.Overlay.__annonCompField17), KbFilter_ServiceCallback.InputDataStart, ((ptr(void))KbFilter_ServiceCallback.InputDataStart), &(KbFilter_DispatchPassThrough.Irp->Tail.Overlay.__annonCompField17.__annonCompField16.CurrentStackLocation), &(KbFilter_InternIoCtl.Irp->Tail.Overlay), &(KbFilter_DispatchPassThrough.Irp->Tail.Overlay.__annonCompField17.__annonCompField16), &(KbFilter_InternIoCtl.Irp->Tail.Overlay.__annonCompField17.__annonCompField16.CurrentStackLocation), KbFilter_IsrHook.CurrentInput, &(KbFilter_CreateClose.Irp->IoStatus.__annonCompField4), &(KbFilter_DispatchPassThrough.Irp->Tail.Overlay), &(main.irp)]
 [KbFilter_InitializationRoutine.DeviceObject->DeviceExtension, ((ptr(struct(_DEVICE_EXTENSION)))KbFilter_InitializationRoutine.DeviceObject->DeviceExtension), KbFilter_InitializationRoutine.devExt, &(KbFilter_InitializationRoutine.devExt->UpperInitializationRoutine), &(KbFilter_InitializationRoutine.devExt->UpperContext)]
 [KbFilter_AddDevice.Driver, KbFilter_Unload.Driver, IoCreateDevice.DriverObject, &(main.d)]
 [KbFilter_InitializationRoutine.status, ret$KbFilter_InitializationRoutine]
 [IoCreateDevice.DeviceObject, &(KbFilter_AddDevice.device)]
 [&(KbFilter_Power.powerState.DeviceState), &(KbFilter_Power.powerState)]
 [KbFilter_IsrHook.retVal, ret$KbFilter_IsrHook]
 [memcpy.x, ret$memcpy]
