 [&(KbFilter_InitializationRoutine.devExt->UpperInitializationRoutine), KbFilter_InitializationRoutine.devExt, KbFilter_InitializationRoutine.DeviceObject->DeviceExtension, ((ptr(struct(_DEVICE_EXTENSION)))KbFilter_InitializationRoutine.DeviceObject->DeviceExtension), &(KbFilter_InitializationRoutine.devExt->UpperContext)]
 [&(KbFilter_DispatchPassThrough.Irp->Tail), PoStartNextPowerIrp.Irp, KbFilter_CreateClose.Irp, &(KbFilter_PnP.Irp->Tail.Overlay.__annonCompField17.__annonCompField16.CurrentStackLocation), &(KbFilter_InternIoCtl.Irp->Tail.Overlay), KbFilter_IsrHook.CurrentInput, KbFilter_IoCtl.Irp, &(GLOBAL.pirp->IoStatus), &(GLOBAL.pirp->IoStatus.__annonCompField4.Status), &(KbFilter_InternIoCtl.Irp->Tail.Overlay.__annonCompField17), &(KbFilter_InternIoCtl.Irp->IoStatus), KbFilter_InternIoCtl.Irp, &(KbFilter_CreateClose.Irp->Tail.Overlay), &(KbFilter_CreateClose.Irp->Tail.Overlay.__annonCompField17.__annonCompField16.CurrentStackLocation), KbFilter_PnP.Irp, &(KbFilter_DispatchPassThrough.Irp->Tail.Overlay.__annonCompField17.__annonCompField16), &(KbFilter_CreateClose.Irp->IoStatus.__annonCompField4.Status), IofCompleteRequest.Irp, &(KbFilter_InternIoCtl.Irp->Tail.Overlay.__annonCompField17.__annonCompField16.CurrentStackLocation), &(KbFilter_CreateClose.Irp->Tail.Overlay.__annonCompField17.__annonCompField16), KbFilter_ServiceCallback.InputDataStart, &(KbFilter_PnP.Irp->IoStatus.__annonCompField4.Status), IofCallDriver.Irp, &(KbFilter_DispatchPassThrough.Irp->Tail.Overlay.__annonCompField17.__annonCompField16.CurrentStackLocation), &(KbFilter_PnP.Irp->Tail), &(KbFilter_DispatchPassThrough.Irp->Tail.Overlay.__annonCompField17), &(KbFilter_CreateClose.Irp->IoStatus.__annonCompField4), &(GLOBAL.pirp->IoStatus.__annonCompField4), KbFilter_Complete.Irp, &(KbFilter_Power.Irp->CurrentLocation), &(KbFilter_InternIoCtl.Irp->IoStatus.Information), &(KbFilter_PnP.Irp->IoStatus.Information), &(KbFilter_PnP.Irp->Tail.Overlay.__annonCompField17), KbFilter_Power.Irp, &(KbFilter_DispatchPassThrough.Irp->CurrentLocation), GLOBAL.pirp, KbFilter_DispatchPassThrough.Irp, &(KbFilter_CreateClose.Irp->IoStatus), &(KbFilter_InternIoCtl.Irp->Tail.Overlay.__annonCompField17.__annonCompField16), &(KbFilter_CreateClose.Irp->Tail.Overlay.__annonCompField17), &(KbFilter_PnP.Irp->Tail.Overlay), &(KbFilter_PnP.Irp->CurrentLocation), &(KbFilter_PnP.Irp->IoStatus.__annonCompField4), &(KbFilter_Power.Irp->Tail.Overlay.__annonCompField17), &(KbFilter_CreateClose.Irp->Tail), PoCallDriver.Irp, &(KbFilter_Power.Irp->Tail.Overlay.__annonCompField17.__annonCompField16), &(KbFilter_InternIoCtl.Irp->Tail), &(KbFilter_InternIoCtl.Irp->IoStatus.__annonCompField4.Status), &(KbFilter_Power.Irp->Tail.Overlay), &(KbFilter_PnP.Irp->IoStatus), &(KbFilter_Power.Irp->Tail.Overlay.__annonCompField17.__annonCompField16.CurrentStackLocation), &(KbFilter_InternIoCtl.Irp->IoStatus.__annonCompField4), &(KbFilter_PnP.Irp->Tail.Overlay.__annonCompField17.__annonCompField16), &(KbFilter_DispatchPassThrough.Irp->Tail.Overlay), &(KbFilter_Power.Irp->Tail), &(main.irp)]
 [&(KbFilter_PnP.irpSp->Context), &(KbFilter_Power.irpStack->Parameters), &(KbFilter_PnP.irpSp->Control), KbFilter_CreateClose.Irp->IoStatus.__annonCompField4.Status, GLOBAL.myStatus, ((long)GLOBAL.myStatus), KbFilter_CreateClose.status, ((int)KbFilter_CreateClose.status), ((int)KbFilter_DispatchPassThrough.Irp->CurrentLocation), KbFilter_DispatchPassThrough.Irp->CurrentLocation, KbFilter_InternIoCtl.Irp->IoStatus.Information, ((typedef(CHAR))(((int)KbFilter_DispatchPassThrough.Irp->CurrentLocation) + 1)), (((int)KbFilter_DispatchPassThrough.Irp->CurrentLocation) + 1), &(KbFilter_InternIoCtl.irpStack->Parameters.DeviceIoControl), &(KbFilter_InternIoCtl.irpStack->Parameters.DeviceIoControl.Type3InputBuffer), KbFilter_CreateClose.irpStack, &(KbFilter_DispatchPassThrough.Irp->Tail.Overlay.__annonCompField17.__annonCompField16.CurrentStackLocation[1]), KbFilter_DispatchPassThrough.Irp->Tail.Overlay.__annonCompField17.__annonCompField16.CurrentStackLocation, &(KbFilter_PnP.irpStack->MinorFunction), ((int)KbFilter_PnP.Irp->CurrentLocation), KbFilter_PnP.Irp->CurrentLocation, ((typedef(CHAR))(((int)KbFilter_PnP.Irp->CurrentLocation) + 1)), (((int)KbFilter_PnP.Irp->CurrentLocation) + 1), KbFilter_InternIoCtl.irpStack, KbFilter_PnP.Irp->IoStatus.__annonCompField4.Status, &(KbFilter_InternIoCtl.irpStack->Parameters.DeviceIoControl.IoControlCode), KbFilter_PnP.Irp->Tail.Overlay.__annonCompField17.__annonCompField16.CurrentStackLocation, (KbFilter_PnP.Irp->Tail.Overlay.__annonCompField17.__annonCompField16.CurrentStackLocation - 1), &(KbFilter_PnP.Irp->Tail.Overlay.__annonCompField17.__annonCompField16.CurrentStackLocation[1]), KbFilter_CreateClose.Irp->Tail.Overlay.__annonCompField17.__annonCompField16.CurrentStackLocation, KbFilter_Power.Irp->Tail.Overlay.__annonCompField17.__annonCompField16.CurrentStackLocation, &(KbFilter_Power.Irp->Tail.Overlay.__annonCompField17.__annonCompField16.CurrentStackLocation[1]), &(KbFilter_Power.irpStack->MinorFunction), &(KbFilter_Power.irpStack->Parameters.Power.State), KbFilter_Power.irpStack, ((ptr(void))KbFilter_PnP.irpSp0), KbFilter_PnP.irpSp0, &(KbFilter_Power.irpStack->Parameters.Power), memcpy.s, &(KbFilter_PnP.nextIrpSp->Control), KbFilter_DispatchPassThrough.irpStack, KbFilter_PnP.irpSp, KbFilter_InternIoCtl.Irp->IoStatus.__annonCompField4.Status, KbFilter_InternIoCtl.Irp->Tail.Overlay.__annonCompField17.__annonCompField16.CurrentStackLocation, ((ptr(void))KbFilter_PnP.nextIrpSp), KbFilter_PnP.nextIrpSp, &(KbFilter_InternIoCtl.irpStack->Parameters.DeviceIoControl.InputBufferLength), KbFilter_PnP.irpStack, &(KbFilter_InternIoCtl.irpStack->Parameters), KbFilter_PnP.Irp->IoStatus.Information, &(KbFilter_CreateClose.irpStack->MajorFunction), &(KbFilter_PnP.irpSp->CompletionRoutine), GLOBAL.pirp->IoStatus.__annonCompField4.Status, ((typedef(CHAR))(((int)KbFilter_Power.Irp->CurrentLocation) + 1)), (((int)KbFilter_Power.Irp->CurrentLocation) + 1), ((int)KbFilter_Power.Irp->CurrentLocation), KbFilter_Power.Irp->CurrentLocation, memcpy.p, &(KbFilter_Power.irpStack->Parameters.Power.Type)]
 [KbFilter_InitializationRoutine.devExt->UpperInitializationRoutine, KbFilter_InitializationRoutine.devExt->UpperContext]
 [KbFilter_ServiceCallback.InputDataConsumed, KbFilter_IsrHook.StatusByte]
 [memcpy.x, ret$memcpy]
 [ret$KbFilter_IsrHook, KbFilter_IsrHook.retVal]
 [&(KbFilter_Power.powerState.DeviceState), &(KbFilter_Power.powerState)]
 [KbFilter_InitializationRoutine.status, ret$KbFilter_InitializationRoutine]
 [((ptr(struct(_KEVENT)))KbFilter_Complete.Context), KbFilter_Complete.Context, KbFilter_IsrHook.CurrentOutput, KbFilter_Complete.event, KbFilter_ServiceCallback.InputDataEnd, PoCallDriver.lcontext, KeSetEvent.Event, IofCallDriver.lcontext]
 [KbFilter_InitializationRoutine.DeviceObject, &(KbFilter_InitializationRoutine.DeviceObject->DeviceExtension)]
 [KbFilter_AddDevice.Driver, IoCreateDevice.DriverObject, KbFilter_Unload.Driver, &(main.d)]
 [memset.x, ret$memset]
 [KbFilter_AddDevice.devExt->SurpriseRemoved, &(KbFilter_CreateClose.DeviceObject->DeviceExtension), &(KbFilter_Power.devExt->DeviceState), KbFilter_InternIoCtl.devExt->CallContext, KbFilter_AddDevice.devExt->Started, KbFilter_AddDevice.device->DeviceExtension, ((ptr(struct(_DEVICE_EXTENSION)))KbFilter_AddDevice.device->DeviceExtension), &(KbFilter_InternIoCtl.devExt->CallContext), &(KbFilter_ServiceCallback.DeviceObject->DeviceExtension), KbFilter_ServiceCallback.devExt, &(KbFilter_InternIoCtl.hookKeyboard->IsrRoutine), &(KbFilter_InternIoCtl.devExt->UpperConnectData), KbFilter_IsrHook.DeviceObject->DeviceExtension, ((ptr(struct(_DEVICE_EXTENSION)))KbFilter_IsrHook.DeviceObject->DeviceExtension), KbFilter_InternIoCtl.devExt->UpperIsrHook, &(KbFilter_PnP.devExt->SurpriseRemoved), KbFilter_Power.devExt, &(KbFilter_AddDevice.devExt->SurpriseRemoved), &(KbFilter_IsrHook.devExt->UpperIsrHook), KbFilter_Power.powerState, KbFilter_ServiceCallback.DeviceObject, &(KbFilter_AddDevice.device->DeviceExtension), KbFilter_ServiceCallback.DeviceObject->DeviceExtension, ((ptr(struct(_DEVICE_EXTENSION)))KbFilter_ServiceCallback.DeviceObject->DeviceExtension), KbFilter_IoCtl.DeviceObject, KbFilter_Power.devExt->DeviceState, IoCreateDevice.tmp, KbFilter_CreateClose.DeviceObject, InterlockedIncrement.Addend, &(KbFilter_InternIoCtl.hookKeyboard->InitializationRoutine), &(KbFilter_InternIoCtl.devExt->UpperIsrHook), KbFilter_AddDevice.devExt->Removed, KbFilter_InternIoCtl.hookKeyboard->Context, &(KbFilter_AddDevice.devExt->DeviceState), &(KbFilter_InternIoCtl.connectData->ClassDeviceObject), &(KbFilter_InternIoCtl.devExt->UpperContext), KbFilter_PnP.tmp__1, KbFilter_InternIoCtl.hookKeyboard->InitializationRoutine, KbFilter_PnP.nextIrpSp->Control, IofCallDriver.DeviceObject, &(KbFilter_PnP.devExt->Removed), &(KbFilter_InternIoCtl.hookKeyboard->IsrWritePort), KeWaitForSingleObject.Object, KbFilter_PnP.irpSp->Context, &(KbFilter_InternIoCtl.devExt->UpperConnectData.ClassDeviceObject), KbFilter_Power.powerState.DeviceState, KbFilter_PnP.DeviceObject, InterlockedDecrement.Addend, KbFilter_InternIoCtl.devExt, KbFilter_InternIoCtl.connectData->ClassService, &(KbFilter_AddDevice.devExt->Self), KbFilter_InternIoCtl.connectData->ClassDeviceObject, &(KbFilter_InternIoCtl.devExt->QueueKeyboardPacket), KbFilter_AddDevice.device->Flags, KeInitializeEvent.Event, ((ptr(struct(_DEVICE_EXTENSION)))KbFilter_Power.DeviceObject->DeviceExtension), KbFilter_Power.DeviceObject->DeviceExtension, KbFilter_InternIoCtl.devExt->UpperConnectData.ClassDeviceObject, KbFilter_PnP.irpStack->MinorFunction, KbFilter_InternIoCtl.irpStack->Parameters.DeviceIoControl.InputBufferLength, KbFilter_PnP.DeviceObject->DeviceExtension, ((ptr(struct(_DEVICE_EXTENSION)))KbFilter_PnP.DeviceObject->DeviceExtension), KbFilter_InternIoCtl.devExt->UpperConnectData.ClassService, KbFilter_InternIoCtl.devExt->QueueKeyboardPacket, KbFilter_AddDevice.devExt->TopOfStack, ((ptr(void))KbFilter_InternIoCtl.DeviceObject), KbFilter_InternIoCtl.DeviceObject, ((int)KbFilter_PnP.irpSp->Control), KbFilter_PnP.irpSp->Control, &(KbFilter_InternIoCtl.DeviceObject->DeviceExtension), &(KbFilter_InternIoCtl.devExt->UpperInitializationRoutine), KbFilter_InternIoCtl.devExt->UpperInitializationRoutine, KbFilter_AddDevice.devExt->DeviceState, &(KbFilter_AddDevice.devExt->Started), &(KbFilter_PnP.devExt->Started), KbFilter_InternIoCtl.tmp__1, &(KbFilter_InternIoCtl.devExt->IsrWritePort), IoAttachDeviceToDeviceStack.TargetDevice, KbFilter_InternIoCtl.irpStack->Parameters.DeviceIoControl.IoControlCode, KbFilter_InternIoCtl.devExt->IsrWritePort, IoAttachDeviceToDeviceStack.SourceDevice, KbFilter_AddDevice.devExt->PDO, *IoCreateDevice.DeviceObject, KbFilter_PnP.irpSp->CompletionRoutine, &(((ptr(struct(_DEVICE_EXTENSION)))KbFilter_DispatchPassThrough.DeviceObject->DeviceExtension)->TopOfStack), KbFilter_CreateClose.devExt->UpperConnectData.ClassService, KbFilter_PnP.devExt->SurpriseRemoved, &(KbFilter_CreateClose.devExt->EnableCount), &(KbFilter_InternIoCtl.hookKeyboard->Context), KbFilter_AddDevice.devExt->Self, KbFilter_InternIoCtl.hookKeyboard->CallContext, KbFilter_InternIoCtl.devExt->Self, &(KbFilter_AddDevice.devExt->TopOfStack), KbFilter_Power.irpStack->MinorFunction, &(KbFilter_Power.DeviceObject->DeviceExtension), KbFilter_IsrHook.devExt->UpperContext, ((ptr(struct(_DEVICE_EXTENSION)))KbFilter_InternIoCtl.DeviceObject->DeviceExtension), KbFilter_InternIoCtl.DeviceObject->DeviceExtension, KbFilter_InternIoCtl.hookKeyboard->IsrRoutine, &(KbFilter_IsrHook.DeviceObject->DeviceExtension), &(KbFilter_CreateClose.devExt->UpperConnectData), KbFilter_PnP.devExt->TopOfStack, KbFilter_DispatchPassThrough.DeviceObject, KbFilter_CreateClose.irpStack->MajorFunction, &(KbFilter_PnP.devExt->TopOfStack), KbFilter_InternIoCtl.hookKeyboard->QueueKeyboardPacket, GLOBAL.compFptr, KbFilter_InternIoCtl.connectData, ((ptr(struct(_DEVICE_EXTENSION)))KbFilter_DispatchPassThrough.DeviceObject->DeviceExtension)->TopOfStack, KbFilter_Power.irpStack->Parameters.Power.State, KbFilter_Power.powerType, IoDetachDevice.TargetDevice, KbFilter_InternIoCtl.devExt->UpperContext, ((ptr(struct(_INTERNAL_I8042_HOOK_KEYBOARD)))KbFilter_InternIoCtl.irpStack->Parameters.DeviceIoControl.Type3InputBuffer), KbFilter_InternIoCtl.irpStack->Parameters.DeviceIoControl.Type3InputBuffer, KbFilter_IsrHook.DeviceObject, &(KbFilter_InternIoCtl.connectData->ClassService), &(KbFilter_Power.devExt->TopOfStack), KbFilter_AddDevice.devExt, KbFilter_Complete.DeviceObject, &(KbFilter_PnP.DeviceObject->DeviceExtension), KbFilter_CreateClose.devExt, &(KbFilter_AddDevice.devExt->PDO), &(KbFilter_InternIoCtl.hookKeyboard->QueueKeyboardPacket), KbFilter_Power.devExt->TopOfStack, PoCallDriver.DeviceObject, &(KbFilter_AddDevice.device->Flags), KbFilter_AddDevice.device, ret$IoAttachDeviceToDeviceStack, &(KbFilter_CreateClose.devExt->UpperConnectData.ClassService), &(KbFilter_IsrHook.devExt->UpperContext), KbFilter_PnP.devExt->Removed, KbFilter_CreateClose.DeviceObject->DeviceExtension, ((ptr(struct(_DEVICE_EXTENSION)))KbFilter_CreateClose.DeviceObject->DeviceExtension), &(KbFilter_InternIoCtl.devExt->UpperConnectData.ClassService), KbFilter_Power.DeviceObject, &(KbFilter_InternIoCtl.hookKeyboard->CallContext), KbFilter_InternIoCtl.hookKeyboard->IsrWritePort, &(KbFilter_InternIoCtl.devExt->Self), KbFilter_PnP.devExt->Started, KbFilter_InternIoCtl.hookKeyboard, KbFilter_PnP.devExt, KbFilter_IsrHook.devExt, ((ptr(struct(_DEVICE_EXTENSION)))KbFilter_DispatchPassThrough.DeviceObject->DeviceExtension), KbFilter_DispatchPassThrough.DeviceObject->DeviceExtension, KbFilter_Power.irpStack->Parameters.Power.Type, &(KbFilter_DispatchPassThrough.DeviceObject->DeviceExtension), KbFilter_AddDevice.PDO, IoDeleteDevice.DeviceObject, &(KbFilter_AddDevice.devExt->Removed), KbFilter_IsrHook.devExt->UpperIsrHook, &(main.devobj), &(KbFilter_ServiceCallback), &(KbFilter_Complete), &(KbFilter_IsrHook), &(KbFilter_PnP.event), malloc0]
 [IoCreateDevice.DeviceObject, &(KbFilter_AddDevice.device)]
