 [&(GLOBAL.curr_block)[((idct.i * 8) + idct.j)], &(GLOBAL.curr_block)[dequant.n], &(GLOBAL.curr_block)[((idct.k * 8) + idct.j)], &(GLOBAL.curr_block)[plus.i], &(GLOBAL.curr_block)[store.i], GLOBAL.curr_block, &(GLOBAL.curr_block)[display.i], &(GLOBAL.curr_block)[idct.i]]
 [&(GLOBAL.dct_zz)[vldcontrol.temp], GLOBAL.dct_zz, &(GLOBAL.dct_zz)[dequant.i]]
 [&(GLOBAL.pred_block)[pred.i], &(GLOBAL.pred_block)[((pred.i * 8) + pred.j)], &(GLOBAL.pred_block)[plus.i]]
 [&(&(GLOBAL.non_intra_quant)[dequant.n]), &(&(GLOBAL.non_intra_quant)[vldcontrol.temp]), &(GLOBAL.non_intra_quant)]
 [&(&(GLOBAL.table2b2ai)[GLOBAL.vld_found]), &(GLOBAL.table2b2ai)]
 [&(&(GLOBAL.table2b2cq)[GLOBAL.vld_found]), &(GLOBAL.table2b2cq)]
 [&(&(GLOBAL.table2b2ab)[GLOBAL.vld_found]), &(GLOBAL.table2b2ab)]
 [&(&(GLOBAL.table2b2af)[GLOBAL.vld_found]), &(GLOBAL.table2b2af)]
 [&(&(GLOBAL.table2b2aq)[GLOBAL.vld_found]), &(GLOBAL.table2b2aq)]
 [&(&(GLOBAL.idct_coeff)[((idct.j * 8) + idct.k)]), &(&(GLOBAL.idct_coeff)[((idct.i * 8) + idct.k)]), &(GLOBAL.idct_coeff)]
 [&(&(GLOBAL.vld_bits)[next_vld.i]), &(GLOBAL.vld_bits)]
 [&(GLOBAL.storage)[(((GLOBAL.b_10 * 64) + (GLOBAL.p_i1 * 8)) + GLOBAL.p_j0)], &(GLOBAL.storage)[(((GLOBAL.b_01 * 64) + (GLOBAL.p_i0 * 8)) + GLOBAL.p_j1)], &(GLOBAL.storage)[(((GLOBAL.b_00 * 64) + (GLOBAL.p_i0 * 8)) + GLOBAL.p_j0)], &(GLOBAL.storage)[store.addr], &(GLOBAL.storage)[display.addr]]
 [&(GLOBAL.intra_quant)[dequant.n], &(GLOBAL.intra_quant)[vldcontrol.temp]]
 [&(&(GLOBAL.table2b2cb)[GLOBAL.vld_found]), &(GLOBAL.table2b2cb)]
 [&(&(GLOBAL.table2b2cf)[GLOBAL.vld_found]), &(GLOBAL.table2b2cf)]
 [&(&(GLOBAL.table2b2bf)[GLOBAL.vld_found]), &(GLOBAL.table2b2bf)]
 [&(&(GLOBAL.intra_quant)[dequant.n]), &(&(GLOBAL.intra_quant)[vldcontrol.temp]), &(GLOBAL.intra_quant)]
 [&(GLOBAL.scan)[(64 - vldcontrol.count)], &(GLOBAL.scan)[dequant.n], &(GLOBAL.scan)[vldcontrol.reading_zz]]
 [&(&(GLOBAL.pred_block)[((pred.i * 8) + pred.j)]), &(&(GLOBAL.pred_block)[pred.i]), &(&(GLOBAL.pred_block)[plus.i]), &(GLOBAL.pred_block)]
 [&(&(GLOBAL.table2b2bi)[GLOBAL.vld_found]), &(GLOBAL.table2b2bi)]
 [&(&(GLOBAL.table2b4)[GLOBAL.vld_found]), &(GLOBAL.table2b4)]
 [&(&(GLOBAL.table2b5a)[GLOBAL.vld_found]), &(GLOBAL.table2b5a)]
 [&(&(GLOBAL.table2b2bb)[GLOBAL.vld_found]), &(GLOBAL.table2b2bb)]
 [&(&(GLOBAL.temp_block)[idct.i]), &(&(GLOBAL.temp_block)[((idct.i * 8) + idct.k)]), &(&(GLOBAL.temp_block)[((idct.i * 8) + idct.j)]), &(GLOBAL.temp_block)]
 [&(&(GLOBAL.scan)[vldcontrol.reading_zz]), &(&(GLOBAL.scan)[(64 - vldcontrol.count)]), &(&(GLOBAL.scan)[dequant.n]), &(GLOBAL.scan)]
 [&(GLOBAL.idct_coeff)[((idct.i * 8) + idct.k)], &(GLOBAL.idct_coeff)[((idct.j * 8) + idct.k)]]
 [&(&(GLOBAL.table2b2bq)[GLOBAL.vld_found]), &(GLOBAL.table2b2bq)]
 [&(&(GLOBAL.vld_length)[next_vld.i]), &(GLOBAL.vld_length)]
 [&(&(GLOBAL.curr_block)[dequant.n]), &(&(GLOBAL.curr_block)[display.i]), &(&(GLOBAL.curr_block)[store.i]), &(&(GLOBAL.curr_block)[((idct.k * 8) + idct.j)]), &(&(GLOBAL.curr_block)[plus.i]), &(&(GLOBAL.curr_block)[((idct.i * 8) + idct.j)]), &(&(GLOBAL.curr_block)[idct.i]), &(GLOBAL.curr_block)]
 [&(GLOBAL.temp_block)[((idct.i * 8) + idct.j)], &(GLOBAL.temp_block)[idct.i], &(GLOBAL.temp_block)[((idct.i * 8) + idct.k)]]
 [&(GLOBAL.non_intra_quant)[vldcontrol.temp], &(GLOBAL.non_intra_quant)[dequant.n]]
 [&(&(GLOBAL.dct_zz)[dequant.i]), &(&(GLOBAL.dct_zz)[vldcontrol.temp]), &(GLOBAL.dct_zz)]
 [&(&(GLOBAL.storage)[display.addr]), &(&(GLOBAL.storage)[(((GLOBAL.b_01 * 64) + (GLOBAL.p_i0 * 8)) + GLOBAL.p_j1)]), &(&(GLOBAL.storage)[store.addr]), &(&(GLOBAL.storage)[(((GLOBAL.b_10 * 64) + (GLOBAL.p_i1 * 8)) + GLOBAL.p_j0)]), &(&(GLOBAL.storage)[(((GLOBAL.b_00 * 64) + (GLOBAL.p_i0 * 8)) + GLOBAL.p_j0)]), &(GLOBAL.storage)]
