 [*compile_branch.countlits, compile_regex.branchcountlits]
 [&(&(GLOBAL.posix_class_maps)[(compile_branch.posix_class + compile_branch.i)]), &(GLOBAL.posix_class_maps)]
 [&(&(pcre_compile.brastack)[pcre_compile.brastackptr]), &(&(pcre_compile.brastack)[pcre_compile.tmp_3__]), &(pcre_compile.brastack)]
 [check_escape.ptrptr, compile_regex.ptrptr, &(compile_branch.ptr_SLICE___0), &(pcre_compile.ptr)]
 [compile_branch.ptrptr, &(compile_regex.ptr)]
 [main.pattern, check_posix_name.ptr, *pcre_compile.erroroffset, check_posix_syntax.ptr, pcre_compile.saveptr, compile_branch.tempptr, &(compile_branch.tempptr[1]), (pcre_compile.ptr - pcre_compile.pattern), *compile_branch.ptrptr, (compile_branch.oldptr - 2), compile_branch.oldptr, &(compile_branch.ptr_SLICE___0[1]), &(compile_branch.ptr_SLICE___0[2]), (compile_branch.ptr_SLICE___0 - 1), compile_branch.ptr_SLICE___0, check_posix_name.len, *compile_regex.ptrptr, compile_branch.tmp_44__, (compile_branch.tempptr - compile_branch.ptr_SLICE___0), read_repeat_counts.p, pcre_compile.ptr, &(pcre_compile.ptr[1]), &(pcre_compile.ptr[2]), (pcre_compile.ptr - 1), &(pcre_compile.ptr[3]), &(pcre_compile.ptr[4]), is_counted_repeat.p, ret$read_repeat_counts, compile_regex.ptr, &(compile_regex.ptr[1]), (pcre_compile.pattern - 1), pcre_compile.pattern, pcre_compile.save_ptr]
 [read_repeat_counts.minp, &(pcre_compile.minval), &(compile_branch.repeat_min), &(pcre_compile.min)]
 [&(&(pcre_compile.bralenstack)[pcre_compile.brastackptr]), &(pcre_compile.bralenstack)]
 [compile_branch.codeptr, &(compile_regex.code)]
 [*pcre_compile.optset, pcre_compile.set, pcre_compile.unset]
 [compile_branch.repeat_min, pcre_compile.min, pcre_compile.minval]
 [compile_regex.codeptr, &(compile_branch.tempcode), &(pcre_compile.code)]
 [pcre_compile.countlits, *compile_regex.countlits, compile_branch.subcountlits]
 [read_repeat_counts.maxp, &(pcre_compile.max), &(pcre_compile.maxval), &(compile_branch.repeat_max)]
 [&(pcre_compile.brastack)[pcre_compile.tmp_3__], &(pcre_compile.brastack)[pcre_compile.brastackptr]]
 [is_counted_repeat.cd, compile_branch.cd, &(pcre_compile.compile_block.fcc), check_posix_syntax.cd, read_repeat_counts.cd, &(compile_branch.cd->ctypes), &(compile_branch.cd->cbits), &(compile_branch.cd->fcc), compile_regex.cd, &(pcre_compile.compile_block.cbits), check_escape.cd, &(pcre_compile.compile_block.lcc), &(pcre_compile.compile_block.ctypes), &(pcre_compile.compile_block)]
 [compile_branch.countlits, &(compile_regex.branchcountlits)]
 [compile_branch.tmp_16__, pcre_compile.tables, ((unsigned int)pcre_compile.tables), compile_branch.tmp_34__, compile_branch.tmp_17__, *compile_branch.tmp_38__, compile_branch.tmp_1__, *compile_branch.tmp_32__, compile_regex.reverse_count, &(compile_regex.reverse_count[1]), *compile_branch.tmp_25__, compile_regex.tmp_7__, *compile_branch.tmp_4__, compile_branch.tmp_19__, find_fixedlength.code, *compile_branch.tmp, compile_regex.tmp_3__, compile_branch.cd->fcc, pcre_compile.tmp___0, compile_branch.offset_1__, memmove.n__, &(compile_regex.code[3]), compile_branch.tmp_12__, compile_regex.tmp_4__, &(compile_regex.code[1]), compile_regex.code, ((int)compile_branch.cbits[(compile_branch.c + compile_branch.taboffset)]), compile_branch.cbits[(compile_branch.c + compile_branch.taboffset)], compile_branch.bra, &(compile_branch.class)[(compile_branch.c / 8)], ((int)&(compile_branch.class)[(compile_branch.c / 8)]), *compile_branch.tmp_27__, compile_branch.offset, &(compile_branch.tc[1]), pcre_compile.re->tables, &(compile_branch.bra[2]), &(compile_branch.tc[2]), &(compile_branch.bra[1]), compile_branch.tc, &(&(compile_branch.class)[(compile_branch.uc / 8)]), ((unsigned char)((int)&(compile_branch.class)[compile_branch.c])), ((int)&(compile_branch.class)[compile_branch.c]), &(compile_branch.class)[compile_branch.c], &(compile_branch.ket[((((int)compile_branch.ket[1]) << 8) + ((int)compile_branch.ket[2]))]), compile_branch.tmp_14__, *compile_regex.tmp, pcre_compile.re->magic_number, compile_branch.ketoffset, ((int)*compile_branch.ket), *compile_branch.ket, memset.s__, ((int)compile_branch.ket[1]), compile_branch.ket[1], ((int)compile_branch.ket[2]), compile_branch.ket[2], pcre_compile.tmp_6__, *compile_regex.tmp_7__, compile_branch.tmp_28__, ((int)compile_branch.bra[1]), compile_branch.bra[1], compile_branch.previous[(compile_branch.len + 1)], ((int)compile_branch.previous[(compile_branch.len + 1)]), compile_branch.tmp, compile_regex.tmp_11__, *compile_branch.tmp_50__, ((int)compile_branch.bra[2]), compile_branch.bra[2], *compile_branch.tmp_34__, &(compile_branch.code[(- compile_branch.ketoffset)]), ((unsigned int)compile_branch.len_0__), compile_branch.len_0__, *compile_branch.reqchar, compile_regex.branchreqchar, (compile_branch.bralink - compile_branch.oldlinkoffset), compile_branch.oldlinkoffset, (compile_branch.len + 1), compile_branch.tmp_4__, compile_branch.len, *compile_branch.tmp_22__, (compile_regex.code - compile_regex.last_branch), *compile_branch.tmp_0__, (compile_branch.code - compile_branch.offset_1__), *compile_branch.tmp_19__, &(pcre_compile.re->top_backref), *compile_regex.tmp_5__, &(compile_branch.cd->ctypes[compile_branch.c]), ((((int)compile_branch.ket[1]) << 8) + ((int)compile_branch.ket[2])), *compile_branch.tmp_28__, &(compile_regex.last_branch[2]), &(compile_regex.last_branch[1]), compile_regex.last_branch, compile_branch.tmp_2__, &(pcre_compile.re->top_bracket), compile_branch.tmp_15__, compile_regex.tmp_5__, ((int)compile_branch.cbits_0__[(compile_branch.c + 64)]), compile_branch.cbits_0__[(compile_branch.c + 64)], *compile_branch.tmp_14__, compile_branch.cbits_0__[(compile_branch.c + 160)], ((int)compile_branch.cbits_0__[(compile_branch.c + 160)]), compile_branch.tmp_26__, (compile_branch.code - compile_branch.previous), compile_branch.cd->ctypes[compile_branch.c], ((int)compile_branch.cd->ctypes[compile_branch.c]), pcre_compile.re->top_backref, *compile_branch.tmp_1__, ((((int)compile_branch.bra[1]) << 8) + ((int)compile_branch.bra[2])), compile_branch.tmp_52__, &(pcre_compile.tables[512]), pcre_compile.re->req_char, compile_branch.cbits_0__[compile_branch.c], ((int)compile_branch.cbits_0__[compile_branch.c]), *compile_branch.tmp_26__, *compile_branch.tmp_2__, pcre_free.a, &(pcre_compile.re->tables), *compile_regex.tmp_11__, &(compile_branch.ket[2]), &(compile_branch.ket[1]), compile_branch.ket, *compile_branch.tmp_24__, compile_regex.tmp_9__, &(pcre_compile.re->magic_number), compile_branch.tmp_39__, compile_branch.tmp_22__, compile_branch.tmp_10__, *compile_regex.tmp_0__, *compile_regex.tmp_2__, compile_branch.cd->ctypes, pcre_compile.re->top_bracket, ((int)pcre_compile.re->top_bracket), compile_branch.tmp_35__, compile_branch.tmp_30__, &(pcre_compile.compile_block.ctypes[((int)pcre_compile.ptr[3])]), &(pcre_compile.compile_block.ctypes[((int)*pcre_compile.ptr)]), (compile_branch.previous - compile_branch.bralink), compile_branch.tmp_32__, ((ptr(void))&(compile_branch.class)), &(compile_branch.cbits_0__[compile_branch.c]), compile_branch.code[compile_branch.c], compile_branch.cd->fcc[compile_branch.c], ((int)compile_branch.cd->fcc[compile_branch.c]), *compile_regex.tmp_3__, *compile_branch.tmp_45__, compile_branch.cd->cbits, (compile_branch.c + compile_branch.taboffset), *compile_branch.tmp_52__, *compile_branch.tmp_31__, *compile_branch.tmp_37__, compile_regex.tmp_0__, &(pcre_compile.tables[256]), compile_branch.uc, compile_branch.class_lastchar, ((unsigned char)compile_branch.class_lastchar), *compile_branch.tmp_8__, &(pcre_compile.re->req_char), *compile_branch.tmp_40__, pcre_compile.re->first_char, compile_branch.cbits_0__, compile_regex.tmp_2__, *compile_regex.tmp_8__, *compile_branch.tmp_39__, compile_branch.tmp_37__, *compile_branch.tmp_29__, ret$pcre_compile, is_anchored.code, *compile_regex.tmp_9__, *compile_regex.tmp_10__, (compile_branch.code - compile_branch.ket), *compile_regex.reverse_count, compile_regex.reverse_count[1], *compile_branch.tmp_11__, compile_branch.tmp_21__, *pcre_compile.code, *compile_branch.tmp_18__, *compile_branch.tmp_42__, &(pcre_compile.re->options), compile_regex.last_branch[2], compile_regex.start_bracket, compile_regex.last_branch[1], memmove.dest__, ((unsigned int)compile_branch.bralink), compile_branch.bralink, compile_branch.tmp_7__, *compile_branch.tmp_13__, &(compile_branch.previous[(compile_branch.len + 1)]), compile_branch.tmp_20__, memcpy.n__, compile_branch.tempcode, *compile_regex.tmp_4__, ((int)pcre_compile.compile_block.ctypes[pcre_compile.c]), pcre_compile.compile_block.ctypes[pcre_compile.c], *compile_branch.tmp_30__, *compile_regex.codeptr, (pcre_compile.code - &(pcre_compile.re->code)), compile_regex.tmp_1__, &(pcre_compile.tables[832]), *compile_branch.tmp_46__, compile_branch.tmp_51__, pcre_compile.compile_block.ctypes, compile_branch.tmp_50__, &(pcre_compile.re->code), ((ptr(typedef(uschar)))&(pcre_compile.re->code)), &((compile_branch.code - compile_branch.bralink)[1]), (compile_branch.code - compile_branch.bralink), pcre_compile.reqchar, ((unsigned char)pcre_compile.reqchar), &(compile_branch.cbits_0__[(compile_branch.c + 64)]), compile_branch.tmp_36__, &(compile_branch.cbits_0__[(compile_branch.c + 160)]), ret$pcre_malloc, compile_branch.tmp_23__, pcre_compile.compile_block.fcc, compile_branch.tmp_29__, &(pcre_compile.compile_block.ctypes[pcre_compile.c]), main.tables, *compile_branch.tmp_20__, pcre_compile.re->options, *compile_branch.tmp_12__, &(&(compile_branch.class)[compile_branch.c]), *compile_branch.tmp_7__, pcre_compile.re, ((unsigned int)pcre_compile.re), *compile_branch.tmp_17__, &(pcre_compile.re->size), memcpy.src__, pcre_compile.compile_block.cbits, &(compile_branch.cd->ctypes[((int)*compile_branch.ptr_SLICE___0)]), compile_branch.tmp_9__, compile_branch.tmp_41__, compile_branch.tmp_38__, &(compile_branch.cbits[(compile_branch.c + compile_branch.taboffset)]), compile_branch.tmp_13__, compile_branch.tmp_27__, compile_branch.tc[1], ((int)compile_branch.tc[1]), compile_branch.tc[2], ((int)compile_branch.tc[2]), *compile_branch.tc, ((int)*compile_branch.tc), pcre_compile.compile_block.lcc, compile_branch.cd->ctypes[((int)*compile_branch.ptr_SLICE___0)], ((int)compile_branch.cd->ctypes[((int)*compile_branch.ptr_SLICE___0)]), compile_branch.cbits, compile_branch.subreqchar, &(compile_branch.class)[(compile_branch.uc / 8)], ((int)&(compile_branch.class)[(compile_branch.uc / 8)]), pcre_compile.re->size, compile_branch.tmp_46__, *compile_regex.code, compile_branch.offset_0__, &(&(compile_branch.class)[(compile_branch.c / 8)]), *compile_branch.tmp_35__, compile_regex.tmp_8__, compile_branch.prevreqchar, compile_branch.tmp_43__, &(compile_branch.code[compile_branch.c]), *compile_branch.tmp_23__, compile_branch.code[(- compile_branch.ketoffset)], compile_branch.tmp_33__, *compile_regex.reqchar, (compile_regex.code - compile_regex.start_bracket), (compile_branch.c + 160), memmove.src__, *compile_branch.codeptr, (compile_branch.c + 64), compile_branch.tmp_5__, &(compile_branch.code[32]), &(compile_branch.code[2]), (compile_branch.code - 1), &(compile_branch.code[1]), &(compile_branch.code[4]), &(pcre_compile.re->first_char), compile_branch.tmp_31__, *compile_branch.tmp_10__, compile_branch.code, &(compile_branch.code[-1]), ((unsigned int)compile_branch.code), &(compile_branch.code[-2]), compile_branch.tmp_45__, compile_branch.c, ((unsigned char)compile_branch.c), (compile_branch.c + 1), compile_branch.tmp_8__, *compile_branch.tmp_9__, *compile_branch.tmp_53__, &(compile_branch.tc[((((int)compile_branch.tc[1]) << 8) | ((int)compile_branch.tc[2]))]), compile_branch.tmp_11__, *compile_branch.tmp_41__, find_firstchar.code, ((ptr(unsigned char))&(GLOBAL.pcre_default_tables)), compile_branch.tmp_18__, compile_regex.tmp_10__, *compile_branch.tmp_36__, compile_branch.tmp_0__, *compile_branch.tmp_5__, *compile_branch.tmp_43__, *compile_branch.tmp_16__, *compile_branch.tmp_15__, compile_branch.code[-2], ((int)compile_branch.code[-2]), compile_branch.code[-1], *compile_branch.code, ((int)compile_branch.code[-1]), pcre_compile.code, &(pcre_compile.code[1]), *pcre_compile.tmp_6__, compile_branch.tmp_53__, compile_regex.tmp, *compile_branch.tmp_21__, ((unsigned int)compile_branch.previous), compile_branch.previous, &(compile_branch.previous[1]), &(compile_branch.previous[2]), &(compile_branch.previous[4]), is_startline.code, compile_branch.tmp_24__, compile_branch.tmp_40__, memcpy.dest__, compile_branch.previous[2], ((int)compile_branch.previous[2]), ((int)pcre_compile.compile_block.ctypes[((int)pcre_compile.ptr[3])]), pcre_compile.compile_block.ctypes[((int)pcre_compile.ptr[3])], compile_branch.previous[1], ((int)compile_branch.previous[1]), ((int)*compile_branch.previous), *compile_branch.previous, (((int)compile_branch.previous[1]) + 1), ((unsigned char)(((int)compile_branch.previous[1]) + 1)), (((int)compile_branch.previous[1]) - 1), ((unsigned char)(((int)compile_branch.previous[1]) - 1)), ((int)pcre_compile.compile_block.ctypes[((int)*pcre_compile.ptr)]), pcre_compile.compile_block.ctypes[((int)*pcre_compile.ptr)], &(compile_branch.cd->fcc[compile_branch.c]), compile_branch.tmp_25__, *compile_branch.tmp_33__, *compile_branch.tmp_51__, *compile_regex.tmp_1__, compile_regex.length, &(compile_branch.code[compile_branch.len_0__]), compile_branch.tmp_42__, &(GLOBAL.pcre_default_tables), &(compile_branch.class)]
 [compile_branch.ptr_SLICE___0[1], compile_branch.ptr_SLICE___0[2], *compile_branch.ptr_SLICE___0, *compile_regex.ptr, *compile_branch.tmp_44__, pcre_compile.ptr[1], pcre_compile.ptr[2], pcre_compile.ptr[3], *pcre_compile.ptr]
 [*compile_branch.brackets, pcre_compile.bracount]
 [compile_regex.brackets, compile_branch.brackets, &(pcre_compile.bracount)]
 [*compile_branch.optchanged, compile_regex.optchanged]
 [check_posix_syntax.endptr, &(compile_branch.tempptr)]
 [compile_branch.optset, &(compile_branch.unset), &(compile_branch.set)]
 [compile_branch.reqchar, &(compile_regex.branchreqchar)]
 [compile_branch.optchanged, &(compile_regex.optchanged)]
 [compile_branch.unset, compile_branch.set, *compile_branch.optset]
 [pcre_compile.maxval, compile_branch.repeat_max, pcre_compile.max]
 [read_repeat_counts.errorptr, pcre_compile.errorptr, ((unsigned int)pcre_compile.errorptr), main.errorptr, check_escape.errorptr, compile_regex.errorptr, compile_branch.errorptr]
 [pcre_compile.erroroffset, ((unsigned int)pcre_compile.erroroffset), main.erroroffset]
 [pcre_compile.optset, &(pcre_compile.set), &(pcre_compile.unset)]
 [compile_regex.reqchar, &(pcre_compile.reqchar), &(compile_branch.subreqchar)]
 [compile_regex.countlits, &(pcre_compile.countlits), &(compile_branch.subcountlits)]
 [find_firstchar.options, is_anchored.options, &(pcre_compile.temp_options)]
